﻿
> vite_react_shadcn_ts@0.0.0 build
> vite build

[36mvite v5.4.19 [32mbuilding for production...[36m[39m
transforming...
[32mΓ£ô[39m 9 modules transformed.
node.exe : [31mx[39m 
Build failed in 1.27s
At C:\Program 
Files\nodejs\npm.ps1:29 
char:3
+   & $NODE_EXE 
$NPM_CLI_JS $args
+   ~~~~~~~~~~~~~~~~~~~~~~~
~~~~~~
    + CategoryInfo         
     : NotSpecified: ([3  
  1mx[39m Build failed    
 in 1.27s:String) [], R    
emoteException
    + FullyQualifiedErrorI 
   d : NativeCommandError
 
[31merror during build:
[31m[vite:esbuild] 
Transform failed with 1 
error:
C:/Users/sb 
info/Desktop/Cozzy Cafe/blu
e-city-haven-main/src/pages
/StayPage.tsx:234:32: 
ERROR: Syntax error 
"`"[31m
file: [36mC:/Users/sb 
info/Desktop/Cozzy Cafe/blu
e-city-haven-main/src/pages
/StayPage.tsx:234:32[31m
[33m
[33mSyntax error "`"[33m
232|  
233|              // 
Generate booking records 
(one for each room)
234|              const 
sharedTxId = \`tx_\${paymen
t.transaction_id}_\${Date.n
ow()}\`;
   |                       
           ^
235|              const 
perRoomAmount = 
totalAmount / 
guestRooms.length;
236|              const 
perRoomAdvance = 
advanceAmount / 
guestRooms.length;
[31m
    at failureErrorWithLog 
(C:\Users\sb 
info\Desktop\Cozzy Cafe\blu
e-city-haven-main\node_modu
les\esbuild\lib\main.js:147
2:15)
    at C:\Users\sb 
info\Desktop\Cozzy Cafe\blu
e-city-haven-main\node_modu
les\esbuild\lib\main.js:755
:50
    at responseCallbacks.<c
omputed> (C:\Users\sb 
info\Desktop\Cozzy Cafe\blu
e-city-haven-main\node_modu
les\esbuild\lib\main.js:622
:9)
    at 
handleIncomingPacket 
(C:\Users\sb 
info\Desktop\Cozzy Cafe\blu
e-city-haven-main\node_modu
les\esbuild\lib\main.js:677
:12)
    at 
Socket.readFromStdout 
(C:\Users\sb 
info\Desktop\Cozzy Cafe\blu
e-city-haven-main\node_modu
les\esbuild\lib\main.js:600
:7)
    at Socket.emit 
(node:events:518:28)
    at addChunk (node:inter
nal/streams/readable:561:12
)
    at readableAddChunkPush
ByteMode (node:internal/str
eams/readable:512:3)
    at Readable.push (node:
internal/streams/readable:3
92:5)
    at Pipe.onStreamRead (n
ode:internal/stream_base_co
mmons:189:23)[39m
